[INFO] Scanning for projects...
[INFO] 
[INFO] -------------------------< com.mapic:backend >--------------------------
[INFO] Building MAPIC_Backend 0.0.1-SNAPSHOT
[INFO]   from pom.xml
[INFO] --------------------------------[ jar ]---------------------------------
[INFO] 
[INFO] --- resources:3.3.1:resources (default-resources) @ backend ---
[INFO] Copying 1 resource from src\main\resources to target\classes
[INFO] Copying 0 resource from src\main\resources to target\classes
[INFO] 
[INFO] --- compiler:3.11.0:compile (default-compile) @ backend ---
[INFO] Changes detected - recompiling the module! :source
[INFO] Compiling 88 source files with javac [debug release 17] to target\classes
[INFO] -------------------------------------------------------------
[ERROR] COMPILATION ERROR : 
[INFO] -------------------------------------------------------------
[ERROR] /G:/Data/MAPIC/backend/src/main/java/com/mapic/backend/dto/external/ProvinceDTO.java:[20,8] class DistrictDTO is public, should be declared in a file named DistrictDTO.java
[ERROR] /G:/Data/MAPIC/backend/src/main/java/com/mapic/backend/dto/external/ProvinceDTO.java:[32,8] class CommuneDTO is public, should be declared in a file named CommuneDTO.java
[ERROR] /G:/Data/MAPIC/backend/src/main/java/com/mapic/backend/service/MomentServiceImpl.java:[26,19] cannot find symbol
  symbol:   class OpenCageService
  location: class com.mapic.backend.service.MomentServiceImpl
[ERROR] /G:/Data/MAPIC/backend/src/main/java/com/mapic/backend/dto/ApiResponse.java:[18,27] cannot find symbol
  symbol:   method <T>builder()
  location: class com.mapic.backend.dto.ApiResponse
[ERROR] /G:/Data/MAPIC/backend/src/main/java/com/mapic/backend/dto/ApiResponse.java:[26,27] cannot find symbol
  symbol:   method <T>builder()
  location: class com.mapic.backend.dto.ApiResponse
[ERROR] /G:/Data/MAPIC/backend/src/main/java/com/mapic/backend/util/DataInitializer.java:[18,9] cannot find symbol
  symbol:   variable log
  location: class com.mapic.backend.util.DataInitializer
[ERROR] /G:/Data/MAPIC/backend/src/main/java/com/mapic/backend/util/DataInitializer.java:[22,13] cannot find symbol
  symbol:   variable log
  location: class com.mapic.backend.util.DataInitializer
[ERROR] /G:/Data/MAPIC/backend/src/main/java/com/mapic/backend/exception/GlobalExceptionHandler.java:[17,26] cannot find symbol
  symbol:   method getStatus()
  location: variable e of type com.mapic.backend.exception.AppException
[ERROR] /G:/Data/MAPIC/backend/src/main/java/com/mapic/backend/service/UserServiceImpl.java:[38,29] cannot find symbol
  symbol:   method getName()
  location: variable request of type com.mapic.backend.dto.UpdateProfileRequest
[ERROR] /G:/Data/MAPIC/backend/src/main/java/com/mapic/backend/service/UserServiceImpl.java:[39,30] cannot find symbol
  symbol:   method getPhone()
  location: variable request of type com.mapic.backend.dto.UpdateProfileRequest
[ERROR] /G:/Data/MAPIC/backend/src/main/java/com/mapic/backend/service/UserServiceImpl.java:[43,35] cannot find symbol
  symbol:   method getUserProfile()
  location: variable user of type com.mapic.backend.entity.User
[ERROR] /G:/Data/MAPIC/backend/src/main/java/com/mapic/backend/service/UserServiceImpl.java:[45,34] cannot find symbol
  symbol:   method builder()
  location: class com.mapic.backend.entity.UserProfile
[ERROR] /G:/Data/MAPIC/backend/src/main/java/com/mapic/backend/service/UserServiceImpl.java:[50,31] cannot find symbol
  symbol:   method getBio()
  location: variable request of type com.mapic.backend.dto.UpdateProfileRequest
[ERROR] /G:/Data/MAPIC/backend/src/main/java/com/mapic/backend/service/UserServiceImpl.java:[51,34] cannot find symbol
  symbol:   method getGender()
  location: variable request of type com.mapic.backend.dto.UpdateProfileRequest
[ERROR] /G:/Data/MAPIC/backend/src/main/java/com/mapic/backend/service/UserServiceImpl.java:[52,39] cannot find symbol
  symbol:   method getDateOfBirth()
  location: variable request of type com.mapic.backend.dto.UpdateProfileRequest
[ERROR] /G:/Data/MAPIC/backend/src/main/java/com/mapic/backend/service/UserServiceImpl.java:[53,36] cannot find symbol
  symbol:   method getLocation()
  location: variable request of type com.mapic.backend.dto.UpdateProfileRequest
[ERROR] /G:/Data/MAPIC/backend/src/main/java/com/mapic/backend/service/UserServiceImpl.java:[66,35] cannot find symbol
  symbol:   method getUserProfile()
  location: variable user of type com.mapic.backend.entity.User
[ERROR] /G:/Data/MAPIC/backend/src/main/java/com/mapic/backend/service/UserServiceImpl.java:[68,34] cannot find symbol
  symbol:   method builder()
  location: class com.mapic.backend.entity.UserProfile
[ERROR] /G:/Data/MAPIC/backend/src/main/java/com/mapic/backend/service/UserServiceImpl.java:[72,20] cannot find symbol
  symbol:   method getAvatarUrl()
  location: variable profile of type com.mapic.backend.entity.UserProfile
[ERROR] /G:/Data/MAPIC/backend/src/main/java/com/mapic/backend/service/UserServiceImpl.java:[73,42] cannot find symbol
  symbol:   method getAvatarUrl()
  location: variable profile of type com.mapic.backend.entity.UserProfile
[ERROR] /G:/Data/MAPIC/backend/src/main/java/com/mapic/backend/service/UserServiceImpl.java:[77,16] cannot find symbol
  symbol:   method setAvatarUrl(java.lang.String)
  location: variable profile of type com.mapic.backend.entity.UserProfile
[ERROR] /G:/Data/MAPIC/backend/src/main/java/com/mapic/backend/service/UserServiceImpl.java:[89,35] cannot find symbol
  symbol:   method getUserProfile()
  location: variable user of type com.mapic.backend.entity.User
[ERROR] /G:/Data/MAPIC/backend/src/main/java/com/mapic/backend/service/UserServiceImpl.java:[91,34] cannot find symbol
  symbol:   method builder()
  location: class com.mapic.backend.entity.UserProfile
[ERROR] /G:/Data/MAPIC/backend/src/main/java/com/mapic/backend/service/UserServiceImpl.java:[95,20] cannot find symbol
  symbol:   method getCoverImageUrl()
  location: variable profile of type com.mapic.backend.entity.UserProfile
[ERROR] /G:/Data/MAPIC/backend/src/main/java/com/mapic/backend/service/UserServiceImpl.java:[96,42] cannot find symbol
  symbol:   method getCoverImageUrl()
  location: variable profile of type com.mapic.backend.entity.UserProfile
[ERROR] /G:/Data/MAPIC/backend/src/main/java/com/mapic/backend/service/UserServiceImpl.java:[100,16] cannot find symbol
  symbol:   method setCoverImageUrl(java.lang.String)
  location: variable profile of type com.mapic.backend.entity.UserProfile
[ERROR] /G:/Data/MAPIC/backend/src/main/java/com/mapic/backend/service/UserServiceImpl.java:[107,35] cannot find symbol
  symbol:   method getUserProfile()
  location: variable user of type com.mapic.backend.entity.User
[ERROR] /G:/Data/MAPIC/backend/src/main/java/com/mapic/backend/service/UserServiceImpl.java:[109,35] cannot find symbol
  symbol:   method builder()
  location: class com.mapic.backend.dto.UserProfileResponse
[ERROR] /G:/Data/MAPIC/backend/src/main/java/com/mapic/backend/service/UserServiceImpl.java:[110,25] cannot find symbol
  symbol:   method getId()
  location: variable user of type com.mapic.backend.entity.User
[ERROR] /G:/Data/MAPIC/backend/src/main/java/com/mapic/backend/service/UserServiceImpl.java:[111,31] cannot find symbol
  symbol:   method getUsername()
  location: variable user of type com.mapic.backend.entity.User
[ERROR] /G:/Data/MAPIC/backend/src/main/java/com/mapic/backend/service/UserServiceImpl.java:[112,28] cannot find symbol
  symbol:   method getEmail()
  location: variable user of type com.mapic.backend.entity.User
[ERROR] /G:/Data/MAPIC/backend/src/main/java/com/mapic/backend/service/UserServiceImpl.java:[113,27] cannot find symbol
  symbol:   method getName()
  location: variable user of type com.mapic.backend.entity.User
[ERROR] /G:/Data/MAPIC/backend/src/main/java/com/mapic/backend/service/UserServiceImpl.java:[114,28] cannot find symbol
  symbol:   method getPhone()
  location: variable user of type com.mapic.backend.entity.User
[ERROR] /G:/Data/MAPIC/backend/src/main/java/com/mapic/backend/service/UserServiceImpl.java:[115,47] cannot find symbol
  symbol:   method getBio()
  location: variable profile of type com.mapic.backend.entity.UserProfile
[ERROR] /G:/Data/MAPIC/backend/src/main/java/com/mapic/backend/service/UserServiceImpl.java:[116,79] cannot find symbol
  symbol:   method getAvatarUrl()
  location: variable profile of type com.mapic.backend.entity.UserProfile
[ERROR] /G:/Data/MAPIC/backend/src/main/java/com/mapic/backend/service/UserServiceImpl.java:[117,83] cannot find symbol
  symbol:   method getCoverImageUrl()
  location: variable profile of type com.mapic.backend.entity.UserProfile
[ERROR] /G:/Data/MAPIC/backend/src/main/java/com/mapic/backend/service/UserServiceImpl.java:[118,50] cannot find symbol
  symbol:   method getGender()
  location: variable profile of type com.mapic.backend.entity.UserProfile
[ERROR] /G:/Data/MAPIC/backend/src/main/java/com/mapic/backend/service/UserServiceImpl.java:[119,55] cannot find symbol
  symbol:   method getDateOfBirth()
  location: variable profile of type com.mapic.backend.entity.UserProfile
[ERROR] /G:/Data/MAPIC/backend/src/main/java/com/mapic/backend/service/UserServiceImpl.java:[120,52] cannot find symbol
  symbol:   method getLocation()
  location: variable profile of type com.mapic.backend.entity.UserProfile
[ERROR] /G:/Data/MAPIC/backend/src/main/java/com/mapic/backend/service/MomentServiceImpl.java:[31,9] cannot find symbol
  symbol:   variable log
  location: class com.mapic.backend.service.MomentServiceImpl
[ERROR] /G:/Data/MAPIC/backend/src/main/java/com/mapic/backend/service/MomentServiceImpl.java:[31,56] cannot find symbol
  symbol:   method getUsername()
  location: variable author of type com.mapic.backend.entity.User
[ERROR] /G:/Data/MAPIC/backend/src/main/java/com/mapic/backend/service/MomentServiceImpl.java:[39,20] cannot find symbol
  symbol:   method getLatitude()
  location: variable request of type com.mapic.backend.dto.request.CreateMomentRequest
[ERROR] /G:/Data/MAPIC/backend/src/main/java/com/mapic/backend/service/MomentServiceImpl.java:[39,53] cannot find symbol
  symbol:   method getLongitude()
  location: variable request of type com.mapic.backend.dto.request.CreateMomentRequest
[ERROR] /G:/Data/MAPIC/backend/src/main/java/com/mapic/backend/service/MomentServiceImpl.java:[41,56] cannot find symbol
  symbol:   method builder()
  location: class com.mapic.backend.entity.Location
[ERROR] /G:/Data/MAPIC/backend/src/main/java/com/mapic/backend/service/MomentServiceImpl.java:[42,38] cannot find symbol
  symbol:   method getLatitude()
  location: variable request of type com.mapic.backend.dto.request.CreateMomentRequest
[ERROR] /G:/Data/MAPIC/backend/src/main/java/com/mapic/backend/service/MomentServiceImpl.java:[43,39] cannot find symbol
  symbol:   method getLongitude()
  location: variable request of type com.mapic.backend.dto.request.CreateMomentRequest
[ERROR] /G:/Data/MAPIC/backend/src/main/java/com/mapic/backend/service/MomentServiceImpl.java:[44,37] cannot find symbol
  symbol:   method getAddressName()
  location: variable request of type com.mapic.backend.dto.request.CreateMomentRequest
[ERROR] /G:/Data/MAPIC/backend/src/main/java/com/mapic/backend/service/MomentServiceImpl.java:[49,67] cannot find symbol
  symbol:   method getLatitude()
  location: variable request of type com.mapic.backend.dto.request.CreateMomentRequest
[ERROR] /G:/Data/MAPIC/backend/src/main/java/com/mapic/backend/service/MomentServiceImpl.java:[49,90] cannot find symbol
  symbol:   method getLongitude()
  location: variable request of type com.mapic.backend.dto.request.CreateMomentRequest
[ERROR] /G:/Data/MAPIC/backend/src/main/java/com/mapic/backend/service/MomentServiceImpl.java:[54,29] cannot find symbol
  symbol:   method getAddress()
  location: variable location of type com.mapic.backend.entity.Location
[ERROR] /G:/Data/MAPIC/backend/src/main/java/com/mapic/backend/service/MomentServiceImpl.java:[61,24] cannot find symbol
  symbol:   method getProvinceId()
  location: variable request of type com.mapic.backend.dto.request.CreateMomentRequest
[ERROR] /G:/Data/MAPIC/backend/src/main/java/com/mapic/backend/service/MomentServiceImpl.java:[62,63] cannot find symbol
  symbol:   method getProvinceId()
  location: variable request of type com.mapic.backend.dto.request.CreateMomentRequest
[ERROR] /G:/Data/MAPIC/backend/src/main/java/com/mapic/backend/service/MomentServiceImpl.java:[64,24] cannot find symbol
  symbol:   method getDistrictId()
  location: variable request of type com.mapic.backend.dto.request.CreateMomentRequest
[ERROR] /G:/Data/MAPIC/backend/src/main/java/com/mapic/backend/service/MomentServiceImpl.java:[65,63] cannot find symbol
  symbol:   method getDistrictId()
  location: variable request of type com.mapic.backend.dto.request.CreateMomentRequest
[ERROR] /G:/Data/MAPIC/backend/src/main/java/com/mapic/backend/service/MomentServiceImpl.java:[67,24] cannot find symbol
  symbol:   method getCommuneId()
  location: variable request of type com.mapic.backend.dto.request.CreateMomentRequest
[ERROR] /G:/Data/MAPIC/backend/src/main/java/com/mapic/backend/service/MomentServiceImpl.java:[68,61] cannot find symbol
  symbol:   method getCommuneId()
  location: variable request of type com.mapic.backend.dto.request.CreateMomentRequest
[ERROR] /G:/Data/MAPIC/backend/src/main/java/com/mapic/backend/service/MomentServiceImpl.java:[73,31] cannot find symbol
  symbol:   method builder()
  location: class com.mapic.backend.entity.Moment
[ERROR] /G:/Data/MAPIC/backend/src/main/java/com/mapic/backend/service/MomentServiceImpl.java:[75,33] cannot find symbol
  symbol:   method getCaption()
  location: variable request of type com.mapic.backend.dto.request.CreateMomentRequest
[ERROR] /G:/Data/MAPIC/backend/src/main/java/com/mapic/backend/service/MomentServiceImpl.java:[80,34] cannot find symbol
  symbol:   method getCategory()
  location: variable request of type com.mapic.backend.dto.request.CreateMomentRequest
[ERROR] /G:/Data/MAPIC/backend/src/main/java/com/mapic/backend/service/MomentServiceImpl.java:[81,34] cannot find symbol
  symbol:   method getIsPublic()
  location: variable request of type com.mapic.backend.dto.request.CreateMomentRequest
[ERROR] /G:/Data/MAPIC/backend/src/main/java/com/mapic/backend/service/MomentServiceImpl.java:[81,66] cannot find symbol
  symbol:   method getIsPublic()
  location: variable request of type com.mapic.backend.dto.request.CreateMomentRequest
[ERROR] /G:/Data/MAPIC/backend/src/main/java/com/mapic/backend/service/MomentServiceImpl.java:[95,48] cannot find symbol
  symbol:   method builder()
  location: class com.mapic.backend.entity.MomentMedia
[ERROR] /G:/Data/MAPIC/backend/src/main/java/com/mapic/backend/service/AuthServiceImpl.java:[34,52] cannot find symbol
  symbol:   method getUsername()
  location: variable request of type com.mapic.backend.dto.RegisterRequest
[ERROR] /G:/Data/MAPIC/backend/src/main/java/com/mapic/backend/service/AuthServiceImpl.java:[37,49] cannot find symbol
  symbol:   method getEmail()
  location: variable request of type com.mapic.backend.dto.RegisterRequest
[ERROR] /G:/Data/MAPIC/backend/src/main/java/com/mapic/backend/service/AuthServiceImpl.java:[42,59] cannot find symbol
  symbol:   method getPassword()
  location: variable request of type com.mapic.backend.dto.RegisterRequest
[ERROR] /G:/Data/MAPIC/backend/src/main/java/com/mapic/backend/service/AuthServiceImpl.java:[45,51] cannot find symbol
  symbol:   method getEmail()
  location: variable request of type com.mapic.backend.dto.RegisterRequest
[ERROR] /G:/Data/MAPIC/backend/src/main/java/com/mapic/backend/service/AuthServiceImpl.java:[48,60] cannot find symbol
  symbol:   method getEmail()
  location: variable request of type com.mapic.backend.dto.RegisterRequest
[ERROR] /G:/Data/MAPIC/backend/src/main/java/com/mapic/backend/service/AuthServiceImpl.java:[49,42] cannot find symbol
  symbol:   method getEmail()
  location: variable request of type com.mapic.backend.dto.RegisterRequest
[ERROR] /G:/Data/MAPIC/backend/src/main/java/com/mapic/backend/service/AuthServiceImpl.java:[51,69] cannot find symbol
  symbol:   method getEmail()
  location: variable request of type com.mapic.backend.dto.RegisterRequest
[ERROR] /G:/Data/MAPIC/backend/src/main/java/com/mapic/backend/service/AuthServiceImpl.java:[58,31] cannot find symbol
  symbol:   method getType()
  location: variable request of type com.mapic.backend.dto.VerifyOtpRequest
[ERROR] /G:/Data/MAPIC/backend/src/main/java/com/mapic/backend/service/AuthServiceImpl.java:[58,59] cannot find symbol
  symbol:   method getType()
  location: variable request of type com.mapic.backend.dto.VerifyOtpRequest
[ERROR] /G:/Data/MAPIC/backend/src/main/java/com/mapic/backend/service/AuthServiceImpl.java:[61,44] cannot find symbol
  symbol:   method getEmail()
  location: variable request of type com.mapic.backend.dto.VerifyOtpRequest
[ERROR] /G:/Data/MAPIC/backend/src/main/java/com/mapic/backend/service/AuthServiceImpl.java:[61,64] cannot find symbol
  symbol:   method getCode()
  location: variable request of type com.mapic.backend.dto.VerifyOtpRequest
[ERROR] /G:/Data/MAPIC/backend/src/main/java/com/mapic/backend/service/AuthServiceImpl.java:[66,89] cannot find symbol
  symbol:   method getEmail()
  location: variable request of type com.mapic.backend.dto.VerifyOtpRequest
[ERROR] /G:/Data/MAPIC/backend/src/main/java/com/mapic/backend/service/AuthServiceImpl.java:[74,25] cannot find symbol
  symbol:   method builder()
  location: class com.mapic.backend.entity.User
[ERROR] /G:/Data/MAPIC/backend/src/main/java/com/mapic/backend/service/AuthServiceImpl.java:[75,30] cannot find symbol
  symbol:   method getName()
  location: variable regData of type com.mapic.backend.dto.RegisterRequest
[ERROR] /G:/Data/MAPIC/backend/src/main/java/com/mapic/backend/service/AuthServiceImpl.java:[76,31] cannot find symbol
  symbol:   method getEmail()
  location: variable regData of type com.mapic.backend.dto.RegisterRequest
[ERROR] /G:/Data/MAPIC/backend/src/main/java/com/mapic/backend/service/AuthServiceImpl.java:[81,33] cannot find symbol
  symbol:   method getUsername()
  location: variable regData of type com.mapic.backend.dto.RegisterRequest
[ERROR] /G:/Data/MAPIC/backend/src/main/java/com/mapic/backend/service/AuthServiceImpl.java:[82,33] cannot find symbol
  symbol:   method getPassword()
  location: variable regData of type com.mapic.backend.dto.RegisterRequest
[ERROR] /G:/Data/MAPIC/backend/src/main/java/com/mapic/backend/service/AuthServiceImpl.java:[83,13] cannot find symbol
  symbol:   method setStatus(com.mapic.backend.entity.AccountStatus)
  location: variable user of type com.mapic.backend.entity.User
[ERROR] /G:/Data/MAPIC/backend/src/main/java/com/mapic/backend/service/AuthServiceImpl.java:[85,65] cannot find symbol
  symbol:   method getUsername()
  location: variable user of type com.mapic.backend.entity.User
[ERROR] /G:/Data/MAPIC/backend/src/main/java/com/mapic/backend/service/AuthServiceImpl.java:[85,99] cannot find symbol
  symbol:   method getEmail()
  location: variable user of type com.mapic.backend.entity.User
[ERROR] /G:/Data/MAPIC/backend/src/main/java/com/mapic/backend/service/AuthServiceImpl.java:[89,37] cannot find symbol
  symbol:   method getEmail()
  location: variable request of type com.mapic.backend.dto.VerifyOtpRequest
[ERROR] /G:/Data/MAPIC/backend/src/main/java/com/mapic/backend/service/AuthServiceImpl.java:[90,53] cannot find symbol
  symbol:   method getEmail()
  location: variable request of type com.mapic.backend.dto.VerifyOtpRequest
[ERROR] /G:/Data/MAPIC/backend/src/main/java/com/mapic/backend/service/AuthServiceImpl.java:[93,55] cannot find symbol
  symbol:   method getUsername()
  location: variable savedUser of type com.mapic.backend.entity.User
[ERROR] /G:/Data/MAPIC/backend/src/main/java/com/mapic/backend/service/AuthServiceImpl.java:[93,80] cannot find symbol
  symbol:   method getId()
  location: variable savedUser of type com.mapic.backend.entity.User
[ERROR] /G:/Data/MAPIC/backend/src/main/java/com/mapic/backend/service/AuthServiceImpl.java:[95,45] cannot find symbol
  symbol:   method builder()
  location: class com.mapic.backend.dto.AuthResponse
[ERROR] /G:/Data/MAPIC/backend/src/main/java/com/mapic/backend/service/AuthServiceImpl.java:[97,30] cannot find symbol
  symbol:   method getId()
  location: variable savedUser of type com.mapic.backend.entity.User
[ERROR] /G:/Data/MAPIC/backend/src/main/java/com/mapic/backend/service/AuthServiceImpl.java:[98,36] cannot find symbol
  symbol:   method getUsername()
  location: variable savedUser of type com.mapic.backend.entity.User
[ERROR] /G:/Data/MAPIC/backend/src/main/java/com/mapic/backend/service/AuthServiceImpl.java:[99,33] cannot find symbol
  symbol:   method getEmail()
  location: variable savedUser of type com.mapic.backend.entity.User
[ERROR] /G:/Data/MAPIC/backend/src/main/java/com/mapic/backend/service/AuthServiceImpl.java:[108,31] cannot find symbol
  symbol:   method getType()
  location: variable request of type com.mapic.backend.dto.ResendOtpRequest
[ERROR] /G:/Data/MAPIC/backend/src/main/java/com/mapic/backend/service/AuthServiceImpl.java:[108,59] cannot find symbol
  symbol:   method getType()
  location: variable request of type com.mapic.backend.dto.ResendOtpRequest
[ERROR] /G:/Data/MAPIC/backend/src/main/java/com/mapic/backend/service/AuthServiceImpl.java:[112,58] cannot find symbol
  symbol:   method getEmail()
  location: variable request of type com.mapic.backend.dto.ResendOtpRequest
[ERROR] /G:/Data/MAPIC/backend/src/main/java/com/mapic/backend/service/AuthServiceImpl.java:[117,54] cannot find symbol
  symbol:   method getEmail()
  location: variable request of type com.mapic.backend.dto.ResendOtpRequest
[ERROR] /G:/Data/MAPIC/backend/src/main/java/com/mapic/backend/service/AuthServiceImpl.java:[122,60] cannot find symbol
  symbol:   method getEmail()
  location: variable request of type com.mapic.backend.dto.ResendOtpRequest
[ERROR] /G:/Data/MAPIC/backend/src/main/java/com/mapic/backend/service/AuthServiceImpl.java:[123,42] cannot find symbol
  symbol:   method getEmail()
  location: variable request of type com.mapic.backend.dto.ResendOtpRequest
[ERROR] /G:/Data/MAPIC/backend/src/main/java/com/mapic/backend/service/AuthServiceImpl.java:[132,68] cannot find symbol
  symbol:   method getUsername()
  location: variable request of type com.mapic.backend.dto.LoginRequest
[ERROR] /G:/Data/MAPIC/backend/src/main/java/com/mapic/backend/service/AuthServiceImpl.java:[132,91] cannot find symbol
  symbol:   method getPassword()
  location: variable request of type com.mapic.backend.dto.LoginRequest
[ERROR] /G:/Data/MAPIC/backend/src/main/java/com/mapic/backend/service/AuthServiceImpl.java:[139,65] cannot find symbol
  symbol:   method getUsername()
  location: variable request of type com.mapic.backend.dto.LoginRequest
[ERROR] /G:/Data/MAPIC/backend/src/main/java/com/mapic/backend/service/AuthServiceImpl.java:[139,88] cannot find symbol
  symbol:   method getUsername()
  location: variable request of type com.mapic.backend.dto.LoginRequest
[INFO] 100 errors 
[INFO] -------------------------------------------------------------
[INFO] ------------------------------------------------------------------------
[INFO] BUILD FAILURE
[INFO] ------------------------------------------------------------------------
[INFO] Total time:  6.378 s
[INFO] Finished at: 2026-04-16T22:47:07+07:00
[INFO] ------------------------------------------------------------------------
[ERROR] Failed to execute goal org.apache.maven.plugins:maven-compiler-plugin:3.11.0:compile (default-compile) on project backend: Compilation failure: Compilation failure: 
[ERROR] /G:/Data/MAPIC/backend/src/main/java/com/mapic/backend/dto/external/ProvinceDTO.java:[20,8] class DistrictDTO is public, should be declared in a file named DistrictDTO.java
[ERROR] /G:/Data/MAPIC/backend/src/main/java/com/mapic/backend/dto/external/ProvinceDTO.java:[32,8] class CommuneDTO is public, should be declared in a file named CommuneDTO.java
[ERROR] /G:/Data/MAPIC/backend/src/main/java/com/mapic/backend/service/MomentServiceImpl.java:[26,19] cannot find symbol
[ERROR]   symbol:   class OpenCageService
[ERROR]   location: class com.mapic.backend.service.MomentServiceImpl
[ERROR] /G:/Data/MAPIC/backend/src/main/java/com/mapic/backend/dto/ApiResponse.java:[18,27] cannot find symbol
[ERROR]   symbol:   method <T>builder()
[ERROR]   location: class com.mapic.backend.dto.ApiResponse
[ERROR] /G:/Data/MAPIC/backend/src/main/java/com/mapic/backend/dto/ApiResponse.java:[26,27] cannot find symbol
[ERROR]   symbol:   method <T>builder()
[ERROR]   location: class com.mapic.backend.dto.ApiResponse
[ERROR] /G:/Data/MAPIC/backend/src/main/java/com/mapic/backend/util/DataInitializer.java:[18,9] cannot find symbol
[ERROR]   symbol:   variable log
[ERROR]   location: class com.mapic.backend.util.DataInitializer
[ERROR] /G:/Data/MAPIC/backend/src/main/java/com/mapic/backend/util/DataInitializer.java:[22,13] cannot find symbol
[ERROR]   symbol:   variable log
[ERROR]   location: class com.mapic.backend.util.DataInitializer
[ERROR] /G:/Data/MAPIC/backend/src/main/java/com/mapic/backend/exception/GlobalExceptionHandler.java:[17,26] cannot find symbol
[ERROR]   symbol:   method getStatus()
[ERROR]   location: variable e of type com.mapic.backend.exception.AppException
[ERROR] /G:/Data/MAPIC/backend/src/main/java/com/mapic/backend/service/UserServiceImpl.java:[38,29] cannot find symbol
[ERROR]   symbol:   method getName()
[ERROR]   location: variable request of type com.mapic.backend.dto.UpdateProfileRequest
[ERROR] /G:/Data/MAPIC/backend/src/main/java/com/mapic/backend/service/UserServiceImpl.java:[39,30] cannot find symbol
[ERROR]   symbol:   method getPhone()
[ERROR]   location: variable request of type com.mapic.backend.dto.UpdateProfileRequest
[ERROR] /G:/Data/MAPIC/backend/src/main/java/com/mapic/backend/service/UserServiceImpl.java:[43,35] cannot find symbol
[ERROR]   symbol:   method getUserProfile()
[ERROR]   location: variable user of type com.mapic.backend.entity.User
[ERROR] /G:/Data/MAPIC/backend/src/main/java/com/mapic/backend/service/UserServiceImpl.java:[45,34] cannot find symbol
[ERROR]   symbol:   method builder()
[ERROR]   location: class com.mapic.backend.entity.UserProfile
[ERROR] /G:/Data/MAPIC/backend/src/main/java/com/mapic/backend/service/UserServiceImpl.java:[50,31] cannot find symbol
[ERROR]   symbol:   method getBio()
[ERROR]   location: variable request of type com.mapic.backend.dto.UpdateProfileRequest
[ERROR] /G:/Data/MAPIC/backend/src/main/java/com/mapic/backend/service/UserServiceImpl.java:[51,34] cannot find symbol
[ERROR]   symbol:   method getGender()
[ERROR]   location: variable request of type com.mapic.backend.dto.UpdateProfileRequest
[ERROR] /G:/Data/MAPIC/backend/src/main/java/com/mapic/backend/service/UserServiceImpl.java:[52,39] cannot find symbol
[ERROR]   symbol:   method getDateOfBirth()
[ERROR]   location: variable request of type com.mapic.backend.dto.UpdateProfileRequest
[ERROR] /G:/Data/MAPIC/backend/src/main/java/com/mapic/backend/service/UserServiceImpl.java:[53,36] cannot find symbol
[ERROR]   symbol:   method getLocation()
[ERROR]   location: variable request of type com.mapic.backend.dto.UpdateProfileRequest
[ERROR] /G:/Data/MAPIC/backend/src/main/java/com/mapic/backend/service/UserServiceImpl.java:[66,35] cannot find symbol
[ERROR]   symbol:   method getUserProfile()
[ERROR]   location: variable user of type com.mapic.backend.entity.User
[ERROR] /G:/Data/MAPIC/backend/src/main/java/com/mapic/backend/service/UserServiceImpl.java:[68,34] cannot find symbol
[ERROR]   symbol:   method builder()
[ERROR]   location: class com.mapic.backend.entity.UserProfile
[ERROR] /G:/Data/MAPIC/backend/src/main/java/com/mapic/backend/service/UserServiceImpl.java:[72,20] cannot find symbol
[ERROR]   symbol:   method getAvatarUrl()
[ERROR]   location: variable profile of type com.mapic.backend.entity.UserProfile
[ERROR] /G:/Data/MAPIC/backend/src/main/java/com/mapic/backend/service/UserServiceImpl.java:[73,42] cannot find symbol
[ERROR]   symbol:   method getAvatarUrl()
[ERROR]   location: variable profile of type com.mapic.backend.entity.UserProfile
[ERROR] /G:/Data/MAPIC/backend/src/main/java/com/mapic/backend/service/UserServiceImpl.java:[77,16] cannot find symbol
[ERROR]   symbol:   method setAvatarUrl(java.lang.String)
[ERROR]   location: variable profile of type com.mapic.backend.entity.UserProfile
[ERROR] /G:/Data/MAPIC/backend/src/main/java/com/mapic/backend/service/UserServiceImpl.java:[89,35] cannot find symbol
[ERROR]   symbol:   method getUserProfile()
[ERROR]   location: variable user of type com.mapic.backend.entity.User
[ERROR] /G:/Data/MAPIC/backend/src/main/java/com/mapic/backend/service/UserServiceImpl.java:[91,34] cannot find symbol
[ERROR]   symbol:   method builder()
[ERROR]   location: class com.mapic.backend.entity.UserProfile
[ERROR] /G:/Data/MAPIC/backend/src/main/java/com/mapic/backend/service/UserServiceImpl.java:[95,20] cannot find symbol
[ERROR]   symbol:   method getCoverImageUrl()
[ERROR]   location: variable profile of type com.mapic.backend.entity.UserProfile
[ERROR] /G:/Data/MAPIC/backend/src/main/java/com/mapic/backend/service/UserServiceImpl.java:[96,42] cannot find symbol
[ERROR]   symbol:   method getCoverImageUrl()
[ERROR]   location: variable profile of type com.mapic.backend.entity.UserProfile
[ERROR] /G:/Data/MAPIC/backend/src/main/java/com/mapic/backend/service/UserServiceImpl.java:[100,16] cannot find symbol
[ERROR]   symbol:   method setCoverImageUrl(java.lang.String)
[ERROR]   location: variable profile of type com.mapic.backend.entity.UserProfile
[ERROR] /G:/Data/MAPIC/backend/src/main/java/com/mapic/backend/service/UserServiceImpl.java:[107,35] cannot find symbol
[ERROR]   symbol:   method getUserProfile()
[ERROR]   location: variable user of type com.mapic.backend.entity.User
[ERROR] /G:/Data/MAPIC/backend/src/main/java/com/mapic/backend/service/UserServiceImpl.java:[109,35] cannot find symbol
[ERROR]   symbol:   method builder()
[ERROR]   location: class com.mapic.backend.dto.UserProfileResponse
[ERROR] /G:/Data/MAPIC/backend/src/main/java/com/mapic/backend/service/UserServiceImpl.java:[110,25] cannot find symbol
[ERROR]   symbol:   method getId()
[ERROR]   location: variable user of type com.mapic.backend.entity.User
[ERROR] /G:/Data/MAPIC/backend/src/main/java/com/mapic/backend/service/UserServiceImpl.java:[111,31] cannot find symbol
[ERROR]   symbol:   method getUsername()
[ERROR]   location: variable user of type com.mapic.backend.entity.User
[ERROR] /G:/Data/MAPIC/backend/src/main/java/com/mapic/backend/service/UserServiceImpl.java:[112,28] cannot find symbol
[ERROR]   symbol:   method getEmail()
[ERROR]   location: variable user of type com.mapic.backend.entity.User
[ERROR] /G:/Data/MAPIC/backend/src/main/java/com/mapic/backend/service/UserServiceImpl.java:[113,27] cannot find symbol
[ERROR]   symbol:   method getName()
[ERROR]   location: variable user of type com.mapic.backend.entity.User
[ERROR] /G:/Data/MAPIC/backend/src/main/java/com/mapic/backend/service/UserServiceImpl.java:[114,28] cannot find symbol
[ERROR]   symbol:   method getPhone()
[ERROR]   location: variable user of type com.mapic.backend.entity.User
[ERROR] /G:/Data/MAPIC/backend/src/main/java/com/mapic/backend/service/UserServiceImpl.java:[115,47] cannot find symbol
[ERROR]   symbol:   method getBio()
[ERROR]   location: variable profile of type com.mapic.backend.entity.UserProfile
[ERROR] /G:/Data/MAPIC/backend/src/main/java/com/mapic/backend/service/UserServiceImpl.java:[116,79] cannot find symbol
[ERROR]   symbol:   method getAvatarUrl()
[ERROR]   location: variable profile of type com.mapic.backend.entity.UserProfile
[ERROR] /G:/Data/MAPIC/backend/src/main/java/com/mapic/backend/service/UserServiceImpl.java:[117,83] cannot find symbol
[ERROR]   symbol:   method getCoverImageUrl()
[ERROR]   location: variable profile of type com.mapic.backend.entity.UserProfile
[ERROR] /G:/Data/MAPIC/backend/src/main/java/com/mapic/backend/service/UserServiceImpl.java:[118,50] cannot find symbol
[ERROR]   symbol:   method getGender()
[ERROR]   location: variable profile of type com.mapic.backend.entity.UserProfile
[ERROR] /G:/Data/MAPIC/backend/src/main/java/com/mapic/backend/service/UserServiceImpl.java:[119,55] cannot find symbol
[ERROR]   symbol:   method getDateOfBirth()
[ERROR]   location: variable profile of type com.mapic.backend.entity.UserProfile
[ERROR] /G:/Data/MAPIC/backend/src/main/java/com/mapic/backend/service/UserServiceImpl.java:[120,52] cannot find symbol
[ERROR]   symbol:   method getLocation()
[ERROR]   location: variable profile of type com.mapic.backend.entity.UserProfile
[ERROR] /G:/Data/MAPIC/backend/src/main/java/com/mapic/backend/service/MomentServiceImpl.java:[31,9] cannot find symbol
[ERROR]   symbol:   variable log
[ERROR]   location: class com.mapic.backend.service.MomentServiceImpl
[ERROR] /G:/Data/MAPIC/backend/src/main/java/com/mapic/backend/service/MomentServiceImpl.java:[31,56] cannot find symbol
[ERROR]   symbol:   method getUsername()
[ERROR]   location: variable author of type com.mapic.backend.entity.User
[ERROR] /G:/Data/MAPIC/backend/src/main/java/com/mapic/backend/service/MomentServiceImpl.java:[39,20] cannot find symbol
[ERROR]   symbol:   method getLatitude()
[ERROR]   location: variable request of type com.mapic.backend.dto.request.CreateMomentRequest
[ERROR] /G:/Data/MAPIC/backend/src/main/java/com/mapic/backend/service/MomentServiceImpl.java:[39,53] cannot find symbol
[ERROR]   symbol:   method getLongitude()
[ERROR]   location: variable request of type com.mapic.backend.dto.request.CreateMomentRequest
[ERROR] /G:/Data/MAPIC/backend/src/main/java/com/mapic/backend/service/MomentServiceImpl.java:[41,56] cannot find symbol
[ERROR]   symbol:   method builder()
[ERROR]   location: class com.mapic.backend.entity.Location
[ERROR] /G:/Data/MAPIC/backend/src/main/java/com/mapic/backend/service/MomentServiceImpl.java:[42,38] cannot find symbol
[ERROR]   symbol:   method getLatitude()
[ERROR]   location: variable request of type com.mapic.backend.dto.request.CreateMomentRequest
[ERROR] /G:/Data/MAPIC/backend/src/main/java/com/mapic/backend/service/MomentServiceImpl.java:[43,39] cannot find symbol
[ERROR]   symbol:   method getLongitude()
[ERROR]   location: variable request of type com.mapic.backend.dto.request.CreateMomentRequest
[ERROR] /G:/Data/MAPIC/backend/src/main/java/com/mapic/backend/service/MomentServiceImpl.java:[44,37] cannot find symbol
[ERROR]   symbol:   method getAddressName()
[ERROR]   location: variable request of type com.mapic.backend.dto.request.CreateMomentRequest
[ERROR] /G:/Data/MAPIC/backend/src/main/java/com/mapic/backend/service/MomentServiceImpl.java:[49,67] cannot find symbol
[ERROR]   symbol:   method getLatitude()
[ERROR]   location: variable request of type com.mapic.backend.dto.request.CreateMomentRequest
[ERROR] /G:/Data/MAPIC/backend/src/main/java/com/mapic/backend/service/MomentServiceImpl.java:[49,90] cannot find symbol
[ERROR]   symbol:   method getLongitude()
[ERROR]   location: variable request of type com.mapic.backend.dto.request.CreateMomentRequest
[ERROR] /G:/Data/MAPIC/backend/src/main/java/com/mapic/backend/service/MomentServiceImpl.java:[54,29] cannot find symbol
[ERROR]   symbol:   method getAddress()
[ERROR]   location: variable location of type com.mapic.backend.entity.Location
[ERROR] /G:/Data/MAPIC/backend/src/main/java/com/mapic/backend/service/MomentServiceImpl.java:[61,24] cannot find symbol
[ERROR]   symbol:   method getProvinceId()
[ERROR]   location: variable request of type com.mapic.backend.dto.request.CreateMomentRequest
[ERROR] /G:/Data/MAPIC/backend/src/main/java/com/mapic/backend/service/MomentServiceImpl.java:[62,63] cannot find symbol
[ERROR]   symbol:   method getProvinceId()
[ERROR]   location: variable request of type com.mapic.backend.dto.request.CreateMomentRequest
[ERROR] /G:/Data/MAPIC/backend/src/main/java/com/mapic/backend/service/MomentServiceImpl.java:[64,24] cannot find symbol
[ERROR]   symbol:   method getDistrictId()
[ERROR]   location: variable request of type com.mapic.backend.dto.request.CreateMomentRequest
[ERROR] /G:/Data/MAPIC/backend/src/main/java/com/mapic/backend/service/MomentServiceImpl.java:[65,63] cannot find symbol
[ERROR]   symbol:   method getDistrictId()
[ERROR]   location: variable request of type com.mapic.backend.dto.request.CreateMomentRequest
[ERROR] /G:/Data/MAPIC/backend/src/main/java/com/mapic/backend/service/MomentServiceImpl.java:[67,24] cannot find symbol
[ERROR]   symbol:   method getCommuneId()
[ERROR]   location: variable request of type com.mapic.backend.dto.request.CreateMomentRequest
[ERROR] /G:/Data/MAPIC/backend/src/main/java/com/mapic/backend/service/MomentServiceImpl.java:[68,61] cannot find symbol
[ERROR]   symbol:   method getCommuneId()
[ERROR]   location: variable request of type com.mapic.backend.dto.request.CreateMomentRequest
[ERROR] /G:/Data/MAPIC/backend/src/main/java/com/mapic/backend/service/MomentServiceImpl.java:[73,31] cannot find symbol
[ERROR]   symbol:   method builder()
[ERROR]   location: class com.mapic.backend.entity.Moment
[ERROR] /G:/Data/MAPIC/backend/src/main/java/com/mapic/backend/service/MomentServiceImpl.java:[75,33] cannot find symbol
[ERROR]   symbol:   method getCaption()
[ERROR]   location: variable request of type com.mapic.backend.dto.request.CreateMomentRequest
[ERROR] /G:/Data/MAPIC/backend/src/main/java/com/mapic/backend/service/MomentServiceImpl.java:[80,34] cannot find symbol
[ERROR]   symbol:   method getCategory()
[ERROR]   location: variable request of type com.mapic.backend.dto.request.CreateMomentRequest
[ERROR] /G:/Data/MAPIC/backend/src/main/java/com/mapic/backend/service/MomentServiceImpl.java:[81,34] cannot find symbol
[ERROR]   symbol:   method getIsPublic()
[ERROR]   location: variable request of type com.mapic.backend.dto.request.CreateMomentRequest
[ERROR] /G:/Data/MAPIC/backend/src/main/java/com/mapic/backend/service/MomentServiceImpl.java:[81,66] cannot find symbol
[ERROR]   symbol:   method getIsPublic()
[ERROR]   location: variable request of type com.mapic.backend.dto.request.CreateMomentRequest
[ERROR] /G:/Data/MAPIC/backend/src/main/java/com/mapic/backend/service/MomentServiceImpl.java:[95,48] cannot find symbol
[ERROR]   symbol:   method builder()
[ERROR]   location: class com.mapic.backend.entity.MomentMedia
[ERROR] /G:/Data/MAPIC/backend/src/main/java/com/mapic/backend/service/AuthServiceImpl.java:[34,52] cannot find symbol
[ERROR]   symbol:   method getUsername()
[ERROR]   location: variable request of type com.mapic.backend.dto.RegisterRequest
[ERROR] /G:/Data/MAPIC/backend/src/main/java/com/mapic/backend/service/AuthServiceImpl.java:[37,49] cannot find symbol
[ERROR]   symbol:   method getEmail()
[ERROR]   location: variable request of type com.mapic.backend.dto.RegisterRequest
[ERROR] /G:/Data/MAPIC/backend/src/main/java/com/mapic/backend/service/AuthServiceImpl.java:[42,59] cannot find symbol
[ERROR]   symbol:   method getPassword()
[ERROR]   location: variable request of type com.mapic.backend.dto.RegisterRequest
[ERROR] /G:/Data/MAPIC/backend/src/main/java/com/mapic/backend/service/AuthServiceImpl.java:[45,51] cannot find symbol
[ERROR]   symbol:   method getEmail()
[ERROR]   location: variable request of type com.mapic.backend.dto.RegisterRequest
[ERROR] /G:/Data/MAPIC/backend/src/main/java/com/mapic/backend/service/AuthServiceImpl.java:[48,60] cannot find symbol
[ERROR]   symbol:   method getEmail()
[ERROR]   location: variable request of type com.mapic.backend.dto.RegisterRequest
[ERROR] /G:/Data/MAPIC/backend/src/main/java/com/mapic/backend/service/AuthServiceImpl.java:[49,42] cannot find symbol
[ERROR]   symbol:   method getEmail()
[ERROR]   location: variable request of type com.mapic.backend.dto.RegisterRequest
[ERROR] /G:/Data/MAPIC/backend/src/main/java/com/mapic/backend/service/AuthServiceImpl.java:[51,69] cannot find symbol
[ERROR]   symbol:   method getEmail()
[ERROR]   location: variable request of type com.mapic.backend.dto.RegisterRequest
[ERROR] /G:/Data/MAPIC/backend/src/main/java/com/mapic/backend/service/AuthServiceImpl.java:[58,31] cannot find symbol
[ERROR]   symbol:   method getType()
[ERROR]   location: variable request of type com.mapic.backend.dto.VerifyOtpRequest
[ERROR] /G:/Data/MAPIC/backend/src/main/java/com/mapic/backend/service/AuthServiceImpl.java:[58,59] cannot find symbol
[ERROR]   symbol:   method getType()
[ERROR]   location: variable request of type com.mapic.backend.dto.VerifyOtpRequest
[ERROR] /G:/Data/MAPIC/backend/src/main/java/com/mapic/backend/service/AuthServiceImpl.java:[61,44] cannot find symbol
[ERROR]   symbol:   method getEmail()
[ERROR]   location: variable request of type com.mapic.backend.dto.VerifyOtpRequest
[ERROR] /G:/Data/MAPIC/backend/src/main/java/com/mapic/backend/service/AuthServiceImpl.java:[61,64] cannot find symbol
[ERROR]   symbol:   method getCode()
[ERROR]   location: variable request of type com.mapic.backend.dto.VerifyOtpRequest
[ERROR] /G:/Data/MAPIC/backend/src/main/java/com/mapic/backend/service/AuthServiceImpl.java:[66,89] cannot find symbol
[ERROR]   symbol:   method getEmail()
[ERROR]   location: variable request of type com.mapic.backend.dto.VerifyOtpRequest
[ERROR] /G:/Data/MAPIC/backend/src/main/java/com/mapic/backend/service/AuthServiceImpl.java:[74,25] cannot find symbol
[ERROR]   symbol:   method builder()
[ERROR]   location: class com.mapic.backend.entity.User
[ERROR] /G:/Data/MAPIC/backend/src/main/java/com/mapic/backend/service/AuthServiceImpl.java:[75,30] cannot find symbol
[ERROR]   symbol:   method getName()
[ERROR]   location: variable regData of type com.mapic.backend.dto.RegisterRequest
[ERROR] /G:/Data/MAPIC/backend/src/main/java/com/mapic/backend/service/AuthServiceImpl.java:[76,31] cannot find symbol
[ERROR]   symbol:   method getEmail()
[ERROR]   location: variable regData of type com.mapic.backend.dto.RegisterRequest
[ERROR] /G:/Data/MAPIC/backend/src/main/java/com/mapic/backend/service/AuthServiceImpl.java:[81,33] cannot find symbol
[ERROR]   symbol:   method getUsername()
[ERROR]   location: variable regData of type com.mapic.backend.dto.RegisterRequest
[ERROR] /G:/Data/MAPIC/backend/src/main/java/com/mapic/backend/service/AuthServiceImpl.java:[82,33] cannot find symbol
[ERROR]   symbol:   method getPassword()
[ERROR]   location: variable regData of type com.mapic.backend.dto.RegisterRequest
[ERROR] /G:/Data/MAPIC/backend/src/main/java/com/mapic/backend/service/AuthServiceImpl.java:[83,13] cannot find symbol
[ERROR]   symbol:   method setStatus(com.mapic.backend.entity.AccountStatus)
[ERROR]   location: variable user of type com.mapic.backend.entity.User
[ERROR] /G:/Data/MAPIC/backend/src/main/java/com/mapic/backend/service/AuthServiceImpl.java:[85,65] cannot find symbol
[ERROR]   symbol:   method getUsername()
[ERROR]   location: variable user of type com.mapic.backend.entity.User
[ERROR] /G:/Data/MAPIC/backend/src/main/java/com/mapic/backend/service/AuthServiceImpl.java:[85,99] cannot find symbol
[ERROR]   symbol:   method getEmail()
[ERROR]   location: variable user of type com.mapic.backend.entity.User
[ERROR] /G:/Data/MAPIC/backend/src/main/java/com/mapic/backend/service/AuthServiceImpl.java:[89,37] cannot find symbol
[ERROR]   symbol:   method getEmail()
[ERROR]   location: variable request of type com.mapic.backend.dto.VerifyOtpRequest
[ERROR] /G:/Data/MAPIC/backend/src/main/java/com/mapic/backend/service/AuthServiceImpl.java:[90,53] cannot find symbol
[ERROR]   symbol:   method getEmail()
[ERROR]   location: variable request of type com.mapic.backend.dto.VerifyOtpRequest
[ERROR] /G:/Data/MAPIC/backend/src/main/java/com/mapic/backend/service/AuthServiceImpl.java:[93,55] cannot find symbol
[ERROR]   symbol:   method getUsername()
[ERROR]   location: variable savedUser of type com.mapic.backend.entity.User
[ERROR] /G:/Data/MAPIC/backend/src/main/java/com/mapic/backend/service/AuthServiceImpl.java:[93,80] cannot find symbol
[ERROR]   symbol:   method getId()
[ERROR]   location: variable savedUser of type com.mapic.backend.entity.User
[ERROR] /G:/Data/MAPIC/backend/src/main/java/com/mapic/backend/service/AuthServiceImpl.java:[95,45] cannot find symbol
[ERROR]   symbol:   method builder()
[ERROR]   location: class com.mapic.backend.dto.AuthResponse
[ERROR] /G:/Data/MAPIC/backend/src/main/java/com/mapic/backend/service/AuthServiceImpl.java:[97,30] cannot find symbol
[ERROR]   symbol:   method getId()
[ERROR]   location: variable savedUser of type com.mapic.backend.entity.User
[ERROR] /G:/Data/MAPIC/backend/src/main/java/com/mapic/backend/service/AuthServiceImpl.java:[98,36] cannot find symbol
[ERROR]   symbol:   method getUsername()
[ERROR]   location: variable savedUser of type com.mapic.backend.entity.User
[ERROR] /G:/Data/MAPIC/backend/src/main/java/com/mapic/backend/service/AuthServiceImpl.java:[99,33] cannot find symbol
[ERROR]   symbol:   method getEmail()
[ERROR]   location: variable savedUser of type com.mapic.backend.entity.User
[ERROR] /G:/Data/MAPIC/backend/src/main/java/com/mapic/backend/service/AuthServiceImpl.java:[108,31] cannot find symbol
[ERROR]   symbol:   method getType()
[ERROR]   location: variable request of type com.mapic.backend.dto.ResendOtpRequest
[ERROR] /G:/Data/MAPIC/backend/src/main/java/com/mapic/backend/service/AuthServiceImpl.java:[108,59] cannot find symbol
[ERROR]   symbol:   method getType()
[ERROR]   location: variable request of type com.mapic.backend.dto.ResendOtpRequest
[ERROR] /G:/Data/MAPIC/backend/src/main/java/com/mapic/backend/service/AuthServiceImpl.java:[112,58] cannot find symbol
[ERROR]   symbol:   method getEmail()
[ERROR]   location: variable request of type com.mapic.backend.dto.ResendOtpRequest
[ERROR] /G:/Data/MAPIC/backend/src/main/java/com/mapic/backend/service/AuthServiceImpl.java:[117,54] cannot find symbol
[ERROR]   symbol:   method getEmail()
[ERROR]   location: variable request of type com.mapic.backend.dto.ResendOtpRequest
[ERROR] /G:/Data/MAPIC/backend/src/main/java/com/mapic/backend/service/AuthServiceImpl.java:[122,60] cannot find symbol
[ERROR]   symbol:   method getEmail()
[ERROR]   location: variable request of type com.mapic.backend.dto.ResendOtpRequest
[ERROR] /G:/Data/MAPIC/backend/src/main/java/com/mapic/backend/service/AuthServiceImpl.java:[123,42] cannot find symbol
[ERROR]   symbol:   method getEmail()
[ERROR]   location: variable request of type com.mapic.backend.dto.ResendOtpRequest
[ERROR] /G:/Data/MAPIC/backend/src/main/java/com/mapic/backend/service/AuthServiceImpl.java:[132,68] cannot find symbol
[ERROR]   symbol:   method getUsername()
[ERROR]   location: variable request of type com.mapic.backend.dto.LoginRequest
[ERROR] /G:/Data/MAPIC/backend/src/main/java/com/mapic/backend/service/AuthServiceImpl.java:[132,91] cannot find symbol
[ERROR]   symbol:   method getPassword()
[ERROR]   location: variable request of type com.mapic.backend.dto.LoginRequest
[ERROR] /G:/Data/MAPIC/backend/src/main/java/com/mapic/backend/service/AuthServiceImpl.java:[139,65] cannot find symbol
[ERROR]   symbol:   method getUsername()
[ERROR]   location: variable request of type com.mapic.backend.dto.LoginRequest
[ERROR] /G:/Data/MAPIC/backend/src/main/java/com/mapic/backend/service/AuthServiceImpl.java:[139,88] cannot find symbol
[ERROR]   symbol:   method getUsername()
[ERROR]   location: variable request of type com.mapic.backend.dto.LoginRequest
[ERROR] -> [Help 1]
[ERROR] 
[ERROR] To see the full stack trace of the errors, re-run Maven with the -e switch.
[ERROR] Re-run Maven using the -X switch to enable full debug logging.
[ERROR] 
[ERROR] For more information about the errors and possible solutions, please read the following articles:
[ERROR] [Help 1] http://cwiki.apache.org/confluence/display/MAVEN/MojoFailureException
